// Vitest Snapshot v1, https://vitest.dev/guide/snapshot.html

exports[`export > should work 1`] = `
[
  "extractStaticStyle",
  "setupStyled",
  "createInstance",
  "createStaticStylesFactory",
  "createStyles",
  "createGlobalStyle",
  "createStylish",
  "createStaticStyles",
  "css",
  "cx",
  "keyframes",
  "injectGlobal",
  "styleManager",
  "ThemeProvider",
  "StyleProvider",
  "useTheme",
  "cssVar",
  "responsive",
  "useAntdStylish",
  "useAntdTheme",
  "useAntdToken",
  "useResponsive",
  "useThemeMode",
  "legacyLogicalPropertiesTransformer",
  "px2remTransformer",
]
`;
