// Vitest Snapshot v1, https://vitest.dev/guide/snapshot.html

exports[`export > should work 1`] = `
[
  "babelInjectStyleId",
  "resetStaticCollectState",
  "clearExtractedChunks",
  "pullExtractedChunks",
  "pushExtractedChunk",
  "clearCompiledExtractChunks",
  "pullCompiledExtractChunks",
  "pushCompiledExtractChunk",
  "buildExtractAssets",
  "hydrateExtractedStyles",
  "createStyleId",
  "AntdStyleExtractVitePlugin",
  "AntdStyleExtractWebpackPlugin",
  "extractStaticStyle",
  "setupStyled",
  "createInstance",
  "clearExtractedStyles",
  "getStyleRuntimeMode",
  "registerExtractedStyles",
  "setStyleRuntimeMode",
  "createStaticStylesFactory",
  "staticStylesCache",
  "createStyles",
  "createGlobalStyle",
  "createStylish",
  "createStaticStyles",
  "css",
  "cx",
  "keyframes",
  "injectGlobal",
  "styleManager",
  "ThemeProvider",
  "StyleProvider",
  "useTheme",
  "cssVar",
  "responsive",
  "useAntdStylish",
  "useAntdTheme",
  "useAntdToken",
  "useResponsive",
  "useThemeMode",
  "legacyLogicalPropertiesTransformer",
  "px2remTransformer",
]
`;
