// Jest Snapshot v1, https://goo.gl/fbAQLP

exports[`useTheme 包裹 Provider 后能拿到完整变量 1`] = `
{
  "backgroundBlur": "css-ymv0zm",
  "containerBgHover": "css-5g3hbo",
  "containerBgL2": "css-1ho7cfh",
  "dataInputContainer": "css-1ljmg2s",
  "dataInputContainerFocused": "css-ctcvtg",
  "defaultButton": "css-768hip",
  "textDefault": "css-52jjsh",
  "textInfo": "css-83hzkw",
}
`;
