// Vitest Snapshot v1, https://vitest.dev/guide/snapshot.html

exports[`useTheme > 包裹 Provider 后如果自定义主题变量 1`] = `
{
  "buttonDefaultHover": "background-color:#ffffff;border:1px solid #d9d9d9;cursor:pointer;:hover{color:#7183eb;border-color:#7183eb;}:active{color:#323db8;border-color:#323db8;}",
}
`;

exports[`useTheme > 如果没有 Provider，theme 对象时是 antd Token 默认值 1`] = `
{
  "buttonDefaultHover": "background-color:#ffffff;border:1px solid #d9d9d9;cursor:pointer;:hover{color:#4096ff;border-color:#4096ff;}:active{color:#0958d9;border-color:#0958d9;}",
}
`;
